
> arthurs-tire-shop@0.1.0 build
> next build

Ôû▓ Next.js 16.1.6 (Turbopack)

  Creating an optimized production build ...
node.exe : 
En C:\Program Files\nodejs\npm.ps1: 29 Carácter: 3
+   & $NODE_EXE $NPM_CLI_JS $args
+   ~~~~~~~~~~~~~~~~~~~~~~~~~~~~~
    + CategoryInfo          : NotSpecified: (:String) [], RemoteException
    + FullyQualifiedErrorId : NativeCommandError
 
> Build error occurred
Error: Turbopack build failed with 1 errors:
./app/globals.css
Error evaluating Node.js code
CssSyntaxError: C:\Users\USUARIO\OneDrive\Escritorio\Projecs-26\arthurs-tire-shop\app\globals.css:45:3: Unknown word antialiased
    at Input.error (node_modules/postcss/lib/input.js:135:16) [C:\Users\USUARIO\OneDrive\Escritorio\Projecs-26\arthurs-tire-shop\.next\build\chunks\node_modules_fe693df6._.js:4651:22]
    at Parser.unknownWord (node_modules/postcss/lib/parser.js:595:22) [C:\Users\USUARIO\OneDrive\Escritorio\Projecs-26\arthurs-tire-shop\.next\build\chunks\node_modules_fe693df6._.js:5827:26]
    at Parser.other (node_modules/postcss/lib/parser.js:437:12) [C:\Users\USUARIO\OneDrive\Escritorio\Projecs-26\arthurs-tire-shop\.next\build\chunks\node_modules_fe693df6._.js:5689:18]
    at Parser.parse (node_modules/postcss/lib/parser.js:472:16) [C:\Users\USUARIO\OneDrive\Escritorio\Projecs-26\arthurs-tire-shop\.next\build\chunks\node_modules_fe693df6._.js:5716:26]
    at parse (node_modules/postcss/lib/parse.js:11:12) [C:\Users\USUARIO\OneDrive\Escritorio\Projecs-26\arthurs-tire-shop\.next\build\chunks\node_modules_fe693df6._.js:5853:16]
    at new LazyResult (node_modules/postcss/lib/lazy-result.js:165:16) [C:\Users\USUARIO\OneDrive\Escritorio\Projecs-26\arthurs-tire-shop\.next\build\chunks\node_modules_fe693df6._.js:6105:24]
    at Processor.process (node_modules/postcss/lib/processor.js:53:14) [C:\Users\USUARIO\OneDrive\Escritorio\Projecs-26\arthurs-tire-shop\.next\build\chunks\node_modules_fe693df6._.js:6572:20]
    at transform (turbopack:///[turbopack-node]/transforms/postcss.ts:70:51) [C:\Users\USUARIO\OneDrive\Escritorio\Projecs-26\arthurs-tire-shop\.next\build\chunks\[root-of-the-server]__51225daf._.js:146:52]
    at run (turbopack:///[turbopack-node]/ipc/evaluate.ts:92:29) [C:\Users\USUARIO\OneDrive\Escritorio\Projecs-26\arthurs-tire-shop\.next\build\chunks\[root-of-the-server]__974941ed._.js:443:37]
    at run (turbopack:///[turbopack-node]/ipc/evaluate.ts:115:11) [C:\Users\USUARIO\OneDrive\Escritorio\Projecs-26\arthurs-tire-shop\.next\build\chunks\[root-of-the-server]__974941ed._.js:464:25]

Import trace:
  Client Component Browser:
    ./app/globals.css [Client Component Browser]
    ./app/layout.tsx [Server Component]


    at transform (turbopack:///[turbopack-node]/transforms/postcss.ts:70:51) [C:\Users\USUARIO\OneDrive\Escritorio\Projecs-26\arthurs-tire-shop\.next\build\chunks\[root-of-the-server]__51225daf._.js:146:52])
    at run (turbopack:///[turbopack-node]/ipc/evaluate.ts:92:29) [C:\Users\USUARIO\OneDrive\Escritorio\Projecs-26\arthurs-tire-shop\.next\build\chunks\[root-of-the-server]__974941ed._.js:443:37])
    at run (turbopack:///[turbopack-node]/ipc/evaluate.ts:115:11) [C:\Users\USUARIO\OneDrive\Escritorio\Projecs-26\arthurs-tire-shop\.next\build\chunks\[root-of-the-server]__974941ed._.js:464:25])
